Syntax error at line 3. Expected: ;
Syntax error at line 5. Expected: ;
